exit_code: 0
ExposureTime 0 s
FNumber 0
ExposureProgram 0
ISOSpeed 0
ShutterSpeedValue 0
ApertureValue 0
MaxApertureValue 1.898684242
BrightnessValue 0
ExposureBiasValue 0
SubjectDistance 0
FocalLength 0 mm
Flash 0
MeteringMode 0
LightSource 0
ProjectionType 0
LensInfo.FStopMin 0
LensInfo.FStopMax 0
LensInfo.FocalLengthMin 0 mm
LensInfo.FocalLengthMax 0 mm
LensInfo.DigitalZoomRatio 0
LensInfo.FocalLengthIn35mm 0
LensInfo.FocalPlaneXResolution 0
LensInfo.FocalPlaneYResolution 0
LensInfo.FocalPlaneResolutionUnit 0
GeoLocation.SpeedX 1.5 m/s
GeoLocation.SpeedY -2.25 m/s
GeoLocation.SpeedZ 0.5 m/s
GeoLocation.GPSDOP 0
GeoLocation.GPSDifferential 0
