exit_code: 0
ImageResolution 1368x912 pixels
Description default
CameraModel Hasselblad - L1D-20c
Orientation 1
Resolution 72x72 (2)
BitsPerSample 854
Software 10.00.06.35
DateTime 2018:09:20 13:05:33
DateTimeOriginal 2018:09:20 13:05:33
DateTimeDigitized 2018:09:20 13:05:33
ExposureTime 0.00125 s
FNumber 6.3
ExposureProgram 2
ISOSpeed 100
ShutterSpeedValue 0
ApertureValue 0
BrightnessValue 0
ExposureBiasValue 0
SubjectDistance 0
FocalLength 10.26 mm
Flash 0
MeteringMode 2
LightSource 1
ProjectionType 0
LensInfo.FStopMin 2.8
LensInfo.FStopMax 11
LensInfo.FocalLengthMin 28 mm
LensInfo.FocalLengthMax 28 mm
LensInfo.DigitalZoomRatio 1
LensInfo.FocalLengthIn35mm 28
LensInfo.FocalPlaneXResolution 0
LensInfo.FocalPlaneYResolution 0
LensInfo.FocalPlaneResolutionUnit 0
GeoLocation.Latitude 38.54369941
GeoLocation.Longitude -118.182913
GeoLocation.Altitude 1.2 m
GeoLocation.AltitudeRef 0
GeoLocation.RelativeAltitude 25.4 m
GeoLocation.RollDegree 0
GeoLocation.PitchDegree -57.2
GeoLocation.YawDegree 35.6
GeoLocation.GPSDOP 0
GeoLocation.GPSDifferential 0
