exit_code: 0
ImageResolution 1000x750 pixels
Description DCIM/100MEDIA/DJI_0587.jpg
CameraModel DJI - XT2
Orientation 1
Resolution 72x72 (2)
Software V06.02.05
DateTime 2018:09:20 10:00:25
DateTimeOriginal 2018:09:20 10:00:25
DateTimeDigitized 2018:09:20 10:00:25
ExposureTime 0.01 s
FNumber 1.8
ExposureProgram 2
ISOSpeed 128
ShutterSpeedValue 0.01000593642
ApertureValue 1.802500925
BrightnessValue 0
ExposureBiasValue 0
SubjectDistance 0
FocalLength 8 mm
Flash 0
SubjectArea 2000 1500 4000 3000
MeteringMode 2
LightSource 0
ProjectionType 0
LensInfo.FStopMin 0
LensInfo.FStopMax 0
LensInfo.FocalLengthMin 0 mm
LensInfo.FocalLengthMax 0 mm
LensInfo.DigitalZoomRatio 0
LensInfo.FocalLengthIn35mm 0
LensInfo.FocalPlaneXResolution 0
LensInfo.FocalPlaneYResolution 0
LensInfo.FocalPlaneResolutionUnit 0
GeoLocation.Latitude 38.54322815
GeoLocation.Longitude -118.1871643
GeoLocation.Altitude 13490.284 m
GeoLocation.AltitudeRef 0
GeoLocation.RelativeAltitude 103.699997 m
GeoLocation.RollDegree 0
GeoLocation.PitchDegree -89.900002
GeoLocation.YawDegree -179.600006
GeoLocation.GPSDOP 0
GeoLocation.GPSDifferential 0
