exit_code: 0
ImageResolution 1000x750 pixels
Description DCIM\100MEDIA\DJI_0087.JPG
CameraModel DJI - FC300C
Orientation 1
Resolution 72x72 (2)
Software v01.14.4920
DateTime 2016:05:24 12:15:29
DateTimeOriginal 2016:05:24 12:15:29
DateTimeDigitized 2016:05:24 12:15:29
ExposureTime 0.000871 s
FNumber 2.8
ExposureProgram 2
ISOSpeed 100
ShutterSpeedValue 0.0008716279018
ApertureValue 2
BrightnessValue 0
ExposureBiasValue 0
SubjectDistance 0
FocalLength 3.61 mm
Flash 32
MeteringMode 2
LightSource 1
ProjectionType 0
LensInfo.FStopMin 0
LensInfo.FStopMax 0
LensInfo.FocalLengthMin 0 mm
LensInfo.FocalLengthMax 0 mm
LensInfo.DigitalZoomRatio 0
LensInfo.FocalLengthIn35mm 20
LensInfo.FocalPlaneXResolution 0
LensInfo.FocalPlaneYResolution 0
LensInfo.FocalPlaneResolutionUnit 0
GeoLocation.Latitude 39.27332144
GeoLocation.Longitude -76.80229158
GeoLocation.Altitude 116.81 m
GeoLocation.AltitudeRef 0
GeoLocation.RelativeAltitude 50.1 m
GeoLocation.RollDegree 0
GeoLocation.PitchDegree -73.9
GeoLocation.YawDegree -16.9
GeoLocation.SpeedX 0.1000000015 m/s
GeoLocation.SpeedY 0.1000000015 m/s
GeoLocation.SpeedZ 0 m/s
GeoLocation.GPSDOP 0
GeoLocation.GPSDifferential 0
