exit_code: 0
ImageResolution 1216x912 pixels
Description DCIM\101MEDIA\DJI_0302.JPG
CameraModel DJI - FC6310
SerialNumber c09123e53e8a11f0445c77b1bc3bf7fa
Orientation 1
Resolution 72x72 (2)
DateTime 2017:06:21 23:15:04
DateTimeOriginal 2017:06:21 18:03:32
DateTimeDigitized 2017:06:21 18:03:32
ExposureTime 0.016666 s
FNumber 5.6
ExposureProgram 1
ISOSpeed 100
ShutterSpeedValue 0.01667695841
ApertureValue 5.598343462
MaxApertureValue 2.799171731
BrightnessValue 0
ExposureBiasValue 0
SubjectDistance 0
FocalLength 8.8 mm
Flash 32
MeteringMode 2
LightSource 10
ProjectionType 0
LensInfo.FStopMin 0
LensInfo.FStopMax 0
LensInfo.FocalLengthMin 0 mm
LensInfo.FocalLengthMax 0 mm
LensInfo.DigitalZoomRatio 0
LensInfo.FocalLengthIn35mm 24
LensInfo.FocalPlaneXResolution 0
LensInfo.FocalPlaneYResolution 0
LensInfo.FocalPlaneResolutionUnit 0
GeoLocation.Latitude 35.88964808
GeoLocation.Longitude -84.8639525
GeoLocation.Altitude 824.61 m
GeoLocation.AltitudeRef 0
GeoLocation.RelativeAltitude 73 m
GeoLocation.RollDegree 0
GeoLocation.PitchDegree -90
GeoLocation.YawDegree 172.9
GeoLocation.SpeedX -8.899999619 m/s
GeoLocation.SpeedY 1 m/s
GeoLocation.SpeedZ 0 m/s
GeoLocation.GPSDOP 0
GeoLocation.GPSDifferential 0
