exit_code: 0
ImageResolution 1000x750 pixels
RelatedImageResolution 4000x3000 pixels
CameraModel Canon - Canon PowerShot SX260 HS
Orientation 1
Resolution 180x180 (2)
DateTime 2017:01:17 06:01:15
DateTimeOriginal 2017:01:17 06:01:15
DateTimeDigitized 2017:01:17 06:01:15
ExposureTime 0.001 s
FNumber 3.5
ExposureProgram 0
ISOSpeed 800
ShutterSpeedValue 0.0009979464342
ApertureValue 3.512504321
MaxApertureValue 3.512504321
BrightnessValue 0
ExposureBiasValue 0
SubjectDistance 0
FocalLength 4.5 mm
Flash 16
MeteringMode 5
LightSource 0
ProjectionType 0
LensInfo.FStopMin 0
LensInfo.FStopMax 0
LensInfo.FocalLengthMin 0 mm
LensInfo.FocalLengthMax 0 mm
LensInfo.DigitalZoomRatio 1
LensInfo.FocalLengthIn35mm 0
LensInfo.FocalPlaneXResolution 16393.44262
LensInfo.FocalPlaneYResolution 16393.44262
LensInfo.FocalPlaneResolutionUnit 2
GeoLocation.Latitude -1.9328323
GeoLocation.Longitude 30.1581303
GeoLocation.Altitude 1599.78 m
GeoLocation.AltitudeRef 0
GeoLocation.GPSDOP 0
GeoLocation.GPSDifferential 0
GeoLocation.GPSMapDatum WGS-84
GeoLocation.GPSTimeStamp 14 1 13
GeoLocation.GPSDateStamp 2017:01:17
