exit_code: 0
ImageResolution 1152x864 pixels
Description ANAFI 0.9.0
CameraModel Parrot - ANAFI
Orientation 1
Resolution 300x300 (2)
BitsPerSample 230
Software Adobe Photoshop CC 2018 (Windows)
DateTime 2018:06:01 23:09:31
DateTimeOriginal 2018:05:20 20:23:28
ExposureTime 0.004166 s
FNumber 2.8
ExposureProgram 2
ISOSpeed 160
ShutterSpeedValue 0.004166
ApertureValue 2.8
BrightnessValue 0
ExposureBiasValue 0
SubjectDistance 0
FocalLength 0 mm
Flash 0
MeteringMode 1
LightSource 0
ProjectionType 0
LensInfo.FStopMin 0
LensInfo.FStopMax 0
LensInfo.FocalLengthMin 0 mm
LensInfo.FocalLengthMax 0 mm
LensInfo.DigitalZoomRatio 0
LensInfo.FocalLengthIn35mm 0
LensInfo.FocalPlaneXResolution 0
LensInfo.FocalPlaneYResolution 0
LensInfo.FocalPlaneResolutionUnit 0
GeoLocation.Latitude 0
GeoLocation.Longitude 0
GeoLocation.Altitude 0 m
GeoLocation.AltitudeRef 0
GeoLocation.RollDegree 0
GeoLocation.PitchDegree -102.041464
GeoLocation.YawDegree -10.7827
GeoLocation.GPSDOP 0
GeoLocation.GPSDifferential 0
