exit_code: 0
ImageResolution 1000x750 pixels
Description DCIM\100MEDIA\DJI_0002.JPG
CameraModel DJI - FC350
Orientation 1
Resolution 72x72 (2)
Software v02.65.5033
DateTime 2016:08:25 09:42:24
DateTimeOriginal 2016:08:25 09:42:24
DateTimeDigitized 2016:08:25 09:42:24
ExposureTime 0.00181 s
FNumber 2.8
ExposureProgram 2
ISOSpeed 100
ShutterSpeedValue 0.001810997161
ApertureValue 2.799171731
BrightnessValue 0
ExposureBiasValue 0
SubjectDistance 0
FocalLength 3.61 mm
Flash 32
MeteringMode 2
LightSource 0
ProjectionType 0
LensInfo.FStopMin 0
LensInfo.FStopMax 0
LensInfo.FocalLengthMin 0 mm
LensInfo.FocalLengthMax 0 mm
LensInfo.DigitalZoomRatio 0
LensInfo.FocalLengthIn35mm 20
LensInfo.FocalPlaneXResolution 0
LensInfo.FocalPlaneYResolution 0
LensInfo.FocalPlaneResolutionUnit 0
GeoLocation.Latitude 36.14975056
GeoLocation.Longitude -95.89586522
GeoLocation.Altitude 197.1 m
GeoLocation.AltitudeRef 0
GeoLocation.RelativeAltitude 51.5 m
GeoLocation.RollDegree 0
GeoLocation.PitchDegree -89.9
GeoLocation.YawDegree -94.8
GeoLocation.SpeedX 0.1000000015 m/s
GeoLocation.SpeedY -1.200000048 m/s
GeoLocation.SpeedZ -0.1000000015 m/s
GeoLocation.GPSDOP 0
GeoLocation.GPSDifferential 0
