exit_code: 0
ImageResolution 400x300 pixels
CameraModel Canon - Canon PowerShot S400
Orientation 1
Resolution 180x180 (2)
Software Adobe Photoshop 7.0
DateTime 2003:05:25 11:11:41
DateTimeOriginal 2003:05:24 16:40:33
DateTimeDigitized 2003:05:24 16:40:33
ExposureTime 0.125 s
FNumber 2.8
ExposureProgram 0
ISOSpeed 0
ShutterSpeedValue 0.125
ApertureValue 2.797959345
BrightnessValue 0
ExposureBiasValue 0
SubjectDistance 0
FocalLength 7.40625 mm
Flash 16
MeteringMode 5
LightSource 0
ProjectionType 0
LensInfo.FStopMin 0
LensInfo.FStopMax 0
LensInfo.FocalLengthMin 0 mm
LensInfo.FocalLengthMax 0 mm
LensInfo.DigitalZoomRatio 1
LensInfo.FocalLengthIn35mm 0
LensInfo.FocalPlaneXResolution 8114.285714
LensInfo.FocalPlaneYResolution 8114.285714
LensInfo.FocalPlaneResolutionUnit 2
GeoLocation.GPSDOP 0
GeoLocation.GPSDifferential 0
