exit_code: 0
ImageResolution 1024x768 pixels
CameraModel CASIO COMPUTER CO.,LTD - EX-Z57
Orientation 1
Resolution 72x72 (2)
Software Microsoft Pro Photo Tools
DateTime 2008:01:21 05:24:02
DateTimeOriginal 2008:01:21 05:24:02
DateTimeDigitized 2008:01:21 05:24:02
Copyright Creative Commons Attribution 3.0 Unported License
ExposureTime 0.025 s
FNumber 2.6
ExposureProgram 2
ISOSpeed 0
ShutterSpeedValue 0
ApertureValue 0
MaxApertureValue 2.639015822
BrightnessValue 0
ExposureBiasValue 0
SubjectDistance 0
FocalLength 5.8 mm
Flash 16
MeteringMode 5
LightSource 0
ProjectionType 0
LensInfo.FStopMin 0
LensInfo.FStopMax 0
LensInfo.FocalLengthMin 0 mm
LensInfo.FocalLengthMax 0 mm
LensInfo.DigitalZoomRatio 0
LensInfo.FocalLengthIn35mm 35
LensInfo.FocalPlaneXResolution 0
LensInfo.FocalPlaneYResolution 0
LensInfo.FocalPlaneResolutionUnit 0
GeoLocation.Latitude 34.041754
GeoLocation.Longitude -118.567238
GeoLocation.GPSDOP 0
GeoLocation.GPSDifferential 0
GeoLocation.GPSTimeStamp 5 24 2
