exit_code: 0
ImageResolution 912x684 pixels
Description OLYMPUS DIGITAL CAMERA
CameraModel OLYMPUS IMAGING CORP. - E-510
Orientation 1
Resolution 240x240 (2)
Software ACD Systems Digital Imaging
DateTime 2008:09:13 17:07:15
DateTimeOriginal 2008:09:02 12:39:38
DateTimeDigitized 2008:09:02 12:39:38
SubSecTimeOriginal 0
ExposureTime 0.0015625 s
FNumber 4.5
ExposureProgram 3
ISOSpeed 0
ShutterSpeedValue 0.001562500103
ApertureValue 4.499999996
BrightnessValue 0
ExposureBiasValue 0
SubjectDistance 0
FocalLength 14 mm
Flash 8
MeteringMode 2
LightSource 0
ProjectionType 0
LensInfo.FStopMin 0
LensInfo.FStopMax 0
LensInfo.FocalLengthMin 0 mm
LensInfo.FocalLengthMax 0 mm
LensInfo.DigitalZoomRatio 1
LensInfo.FocalLengthIn35mm 0
LensInfo.FocalPlaneXResolution 0
LensInfo.FocalPlaneYResolution 0
LensInfo.FocalPlaneResolutionUnit 0
GeoLocation.GPSDOP 0
GeoLocation.GPSDifferential 0
