exit_code: 0
ImageResolution 2272x1704 pixels
CameraModel Canon - S40
Orientation 1
Resolution 180x180 (2)
DateTime 2003:12:14 12:01:44
DateTimeOriginal 2003:12:14 12:01:44
DateTimeDigitized 2003:12:14 12:01:44
ExposureTime 0.002 s
FNumber 4.9
ExposureProgram 0
ISOSpeed 0
ShutterSpeedValue 0.00199600797
ApertureValue 4.99999992
MaxApertureValue 2.800000004
BrightnessValue 0
ExposureBiasValue 0
SubjectDistance 0
FocalLength 21.3 mm
Flash 24
MeteringMode 2
LightSource 0
ProjectionType 0
LensInfo.FStopMin 0
LensInfo.FStopMax 0
LensInfo.FocalLengthMin 0 mm
LensInfo.FocalLengthMax 0 mm
LensInfo.DigitalZoomRatio 1
LensInfo.FocalLengthIn35mm 0
LensInfo.FocalPlaneXResolution 8114.285714
LensInfo.FocalPlaneYResolution 8114.285714
LensInfo.FocalPlaneResolutionUnit 2
GeoLocation.GPSDOP 0
GeoLocation.GPSDifferential 0
