exit_code: 0
ImageResolution 4208x3120 pixels
CameraModel XIAOMI - MI3
Orientation 1
Resolution 72x72 (2)
DateTime 2015:02:28 17:10:49
DateTimeOriginal 2015:02:28 17:10:49
DateTimeDigitized 2015:02:28 17:10:49
ExposureTime 0.0499 s
FNumber 2.2
ExposureProgram 2
ISOSpeed 250
ShutterSpeedValue 1
ApertureValue 2.199994627
BrightnessValue 0.5374
ExposureBiasValue 0
SubjectDistance 0
FocalLength 3.51 mm
Flash 9
SubjectArea 0 7172 0 6150
MeteringMode 2
LightSource 0
ProjectionType 0
LensInfo.FStopMin 0
LensInfo.FStopMax 0
LensInfo.FocalLengthMin 0 mm
LensInfo.FocalLengthMax 0 mm
LensInfo.DigitalZoomRatio 1
LensInfo.FocalLengthIn35mm 0
LensInfo.FocalPlaneXResolution 0
LensInfo.FocalPlaneYResolution 0
LensInfo.FocalPlaneResolutionUnit 0
GeoLocation.GPSDOP 0
GeoLocation.GPSDifferential 0
GeoLocation.GPSTimeStamp 9 10 49
GeoLocation.GPSDateStamp 2015:02:28
