exit_code: 0
ImageResolution 1500x1000 pixels
CameraModel SONY - ILCE-6000
Orientation 1
Resolution 350x350 (2)
Software ILCE-6000 v1.00
DateTime 2014:04:18 20:33:53
DateTimeOriginal 2014:04:18 20:33:53
DateTimeDigitized 2014:04:18 20:33:53
ExposureTime 6 s
FNumber 8
ExposureProgram 1
ISOSpeed 100
ShutterSpeedValue 0
ApertureValue 0
BrightnessValue -2.04921875
ExposureBiasValue 0
SubjectDistance 0
FocalLength 22 mm
Flash 16
MeteringMode 5
LightSource 0
ProjectionType 0
LensInfo.FStopMin 3.5
LensInfo.FStopMax 5.6
LensInfo.FocalLengthMin 16 mm
LensInfo.FocalLengthMax 50 mm
LensInfo.DigitalZoomRatio 1
LensInfo.FocalLengthIn35mm 33
LensInfo.FocalPlaneXResolution 0
LensInfo.FocalPlaneYResolution 0
LensInfo.FocalPlaneResolutionUnit 0
LensInfo.Model  - E PZ 16-50mm F3.5-5.6 OSS
GeoLocation.GPSDOP 0
GeoLocation.GPSDifferential 0
