exit_code: 0
ImageResolution 1319x1040 pixels
CameraModel Apple - iPhone 4S
Resolution 72x72 (2)
Software 6.0.1
DateTime 2012:12:23 14:47:49
DateTimeOriginal 2012:12:23 14:47:49
DateTimeDigitized 2012:12:23 14:47:49
ExposureTime 0.008333333333 s
FNumber 2.4
ExposureProgram 2
ISOSpeed 80
ShutterSpeedValue 0.00833300239
ApertureValue 2.400000262
BrightnessValue 4.826005613
ExposureBiasValue 0
SubjectDistance 0
FocalLength 4.28 mm
Flash 16
SubjectArea 1631 1223 881 881
MeteringMode 5
LightSource 0
ProjectionType 0
LensInfo.FStopMin 0
LensInfo.FStopMax 0
LensInfo.FocalLengthMin 0 mm
LensInfo.FocalLengthMax 0 mm
LensInfo.DigitalZoomRatio 0
LensInfo.FocalLengthIn35mm 35
LensInfo.FocalPlaneXResolution 0
LensInfo.FocalPlaneYResolution 0
LensInfo.FocalPlaneResolutionUnit 0
GeoLocation.Latitude 37.81466667
GeoLocation.Longitude -122.2641667
GeoLocation.Altitude 2 m
GeoLocation.AltitudeRef 0
GeoLocation.GPSDOP 0
GeoLocation.GPSDifferential 0
GeoLocation.GPSTimeStamp 22 47 49
