exit_code: 0
ImageResolution 3264x2448 pixels
CameraModel Apple - iPhone 4S
Orientation 1
Resolution 72x72 (2)
Software 6.0.1
DateTime 2012:12:22 19:40:02
DateTimeOriginal 2012:12:22 19:40:02
DateTimeDigitized 2012:12:22 19:40:02
ExposureTime 0.06666666667 s
FNumber 2.4
ExposureProgram 2
ISOSpeed 500
ShutterSpeedValue 0.06666599848
ApertureValue 2.400000008
BrightnessValue -0.3639823718
ExposureBiasValue 0
SubjectDistance 0
FocalLength 4.28 mm
Flash 16
SubjectArea 1631 1223 881 881
MeteringMode 5
LightSource 0
ProjectionType 0
LensInfo.FStopMin 0
LensInfo.FStopMax 0
LensInfo.FocalLengthMin 0 mm
LensInfo.FocalLengthMax 0 mm
LensInfo.DigitalZoomRatio 0
LensInfo.FocalLengthIn35mm 35
LensInfo.FocalPlaneXResolution 0
LensInfo.FocalPlaneYResolution 0
LensInfo.FocalPlaneResolutionUnit 0
GeoLocation.Latitude 37.77633333
GeoLocation.Longitude -122.4196667
GeoLocation.Altitude 15.83334542 m
GeoLocation.AltitudeRef 0
GeoLocation.GPSDOP 0
GeoLocation.GPSDifferential 0
GeoLocation.GPSTimeStamp 3 39 45.27
